scp -r .env user@example.com:rocketeers.app/current/.env
