scp -r .env user@[::1]:rocketeers.app/current/.env
