scp -r .env user@127.0.0.2:rocketeers.app/current/.env
