scp -r user@example.com:rocketeers.app/current/.env .env
